
> starter_helpi@0.1.0 test
> react-scripts test --coverage

FAIL src/App.test.tsx
  ✕ renders learn react link (53 ms)

  ● renders learn react link

    TestingLibraryElementError: Unable to find an element with the text: /learn react/i. This could be because the text is broken up by multiple elements. In this case, you can provide a function for your text matcher to make your matcher more flexible.

    Ignored nodes: comments, script, style
    [36m<body>[39m
      [36m<div>[39m
        [36m<div[39m
          [33mclass[39m=[32m"App"[39m
          [33mstyle[39m=[32m"margin: 0px; padding: 0px; background-color: rgb(6, 44, 67); min-height: 100vh; position: relative;"[39m
        [36m>[39m
          [36m<header[39m
            [33mstyle[39m=[32m"display: flex; gap: 10px; position: absolute; top: 10px; left: 10px; z-index: 10; align-items: center;"[39m
          [36m>[39m
            [36m<form[39m
              [33mclass[39m=[32m""[39m
              [33mstyle[39m=[32m"display: flex; align-items: center; margin-left: 10px;"[39m
            [36m>[39m
              [36m<label[39m
                [33mclass[39m=[32m"form-label"[39m
                [33mstyle[39m=[32m"color: white; margin-right: 5px;"[39m
              [36m>[39m
                [0mAPI Key:[0m
              [36m</label>[39m
              [36m<input[39m
                [33mclass[39m=[32m"form-control"[39m
                [33mplaceholder[39m=[32m"Insert API Key Here"[39m
                [33mstyle[39m=[32m"max-width: 200px; margin-right: 5px;"[39m
                [33mtype[39m=[32m"password"[39m
              [36m/>[39m
              [36m<button[39m
                [33mclass[39m=[32m"Submit-Button btn btn-primary"[39m
                [33mid[39m=[32m"APIKeyButton"[39m
                [33mtype[39m=[32m"button"[39m
              [36m>[39m
                [0mSubmit[0m
              [36m</button>[39m
            [36m</form>[39m
          [36m</header>[39m
          [36m<div>[39m
            [36m<div[39m
              [33mstyle[39m=[32m"width: 100%; min-height: 100vh; margin: 0px; padding: 0px;"[39m
            [36m>[39m
              [36m<img[39m
                [33malt[39m=[32m"moon"[39m
                [33msrc[39m=[32m"moon.png"[39m
                [33mstyle[39m=[32m"bottom: 0px; left: 0px; width: 218vh;"[39m
              [36m/>[39m
              [36m<div[39m
                [33mclass[39m=[32m"row"[39m
              [36m>[39m
                [36m<div[39m
                  [33mstyle[39m=[32m"margin-right: 5%; margin-top: 5%;"[39m
                [36m/>[39m
                [36m<div[39m
                  [33mclass[39m=[32m"col"[39m
                [36m>[39m
                  [36m<div[39m
                    [33mstyle[39m=[32m"color: white;"[39m
                  [36m/>[39m
                  [36m<h1[39m
                    [33mstyle[39m=[32m"font-weight: bold; font-size: 3em; color: white; font-family: Garamond, serif; text-shadow: 2px 2px 2px black; margin-top: 20px;"[39m
                  [36m>[39m
                    [0mSPHINX CAREER QUIZ[0m
                  [36m</h1>[39m
                  [36m<hr[39m
                    [33mstyle[39m=[32m"color: white; margin: 30px;"[39m
                  [36m/>[39m
                  [36m<h2[39m
                    [33mstyle[39m=[32m"font-style: italic; color: white; font-family: Franklin Gothic, Arial, sans-serif; font-size: 1.4em;"[39m
                  [36m>[39m
                    [0mThe best place to discover your dream job, today[0m
                  [36m</h2>[39m
                  [36m<p[39m
                    [33mstyle[39m=[32m"color: white; font-family: Helvetica, Arial, sans-serif;"[39m
                  [36m>[39m
                    [0mDeveloped by Connor Vitz, Pari Shah, Grace Setzler, and Andre Babik.[0m
                  [36m</p>[39m
                [36m</div>[39m
                [36m<div[39m
                  [33mclass[39m=[32m"col"[39m
                [36m>[39m
                  [36m<div[39m
                    [33mclass[39m=[32m"row"[39m
                  [36m>[39m
                    [36m<div[39m
                      [33mclass[39m=[32m"col"[39m
                      [33mstyle[39m=[32m"color: white;"[39m
                    [36m>[39m
                      [36m<div[39m
                        [33mclass[39m=[32m"card"[39m
                        [33mid[39m=[32m"QuizCard"[39m
                      [36m>[39m
                        [0mText of the description of the Basic Career assesment and stuff words words lorem ipsum dolor sit amet consecutor adipiscing elit. Morbi feugiat convallis commodo. Quisque eget nisl sed sapien rutrum bibendum sit amet sit amet[0m
                        [36m<br />[39m
                        [36m<br />[39m
                        [36m<p[39m
                          [33mstyle[39m=[32m"font-weight: bolder;"[39m
                        [36m>[39m
                          [0mTake the Basic Quiz now! :[0m
                        [36m</p>[39m
                        [36m<button[39m
                          [33mclass[39m=[32m"btn btn-primary"[39m
                          [33mid[39m=[32m"PageButton"[39m
                          [33mtype[39m=[32m"button"[39m
                        [36m>[39m
                          [0mBasic Career Assessment[0m
                        [36m</button>[39m
                      [36m</div>[39m
                    [36m</div>[39m
                    [36m<div[39m
                      [33mclass[39m=[32m"col"[39m
                      [33mstyle[39m=[32m"color: white;"[39m
                    [36m>[39m
                      [36m<div[39m
                        [33mclass[39m=[32m"card"[39m
                        [33mid[39m=[32m"QuizCard"[39m
                      [36m>[39m
                        [0mText of the description of the Detailed Career assesment and stuff words words lorem ipsum dolor sit amet consecutor adipiscing elit. Morbi feugiat convallis commodo. Quisque eget nisl sed sapien rutrum bibendum sit amet sit amet[0m
                        [36m<br />[39m
                        [36m<br />[39m
                        [36m<p[39m
                          [33mstyle[39m=[32m"font-weight: bolder;"[39m
                        [36m>[39m
                          [0mTake the Detailed Quiz now! :[0m
                        [36m</p>[39m
                        [36m<button[39m
                          [33mclass[39m=[32m"btn btn-primary"[39m
                          [33mid[39m=[32m"PageButton"[39m
                          [33mtype[39m=[32m"button"[39m
                        [36m>[39m
                          [0mDetailed Career Assessment[0m
                        [36m</button>[39m
                      [36m</div>[39m
                    [36m</div>[39m
                  [36m</div>[39m
                [36m</div>[39m
              [36m</div>[39m
            [36m</div>[39m
          [36m</div>[39m
        [36m</div>[39m
      [36m</div>[39m
    [36m</body>[39m

       5 | test('renders learn react link', () => {
       6 |   render(<App />);
    >  7 |   const linkElement = screen.getByText(/learn react/i);
         |                              ^
       8 |   expect(linkElement).toBeInTheDocument();
       9 | });
      10 |

      at Object.getElementError (node_modules/@testing-library/react/node_modules/@testing-library/dom/dist/config.js:37:19)
      at node_modules/@testing-library/react/node_modules/@testing-library/dom/dist/query-helpers.js:76:38
      at node_modules/@testing-library/react/node_modules/@testing-library/dom/dist/query-helpers.js:52:17
      at getByText (node_modules/@testing-library/react/node_modules/@testing-library/dom/dist/query-helpers.js:95:19)
      at Object.<anonymous> (src/App.test.tsx:7:30)
      at TestScheduler.scheduleTests (node_modules/@jest/core/build/TestScheduler.js:333:13)
      at runJest (node_modules/@jest/core/build/runJest.js:404:19)
      at _run10000 (node_modules/@jest/core/build/cli/index.js:320:7)
      at runCLI (node_modules/@jest/core/build/cli/index.js:173:3)

--------------------|---------|----------|---------|---------|-------------------
File                | % Stmts | % Branch | % Funcs | % Lines | Uncovered Line #s 
--------------------|---------|----------|---------|---------|-------------------
All files           |   14.81 |     9.37 |    6.45 |   15.58 |                   
 App.tsx            |   45.45 |       30 |   28.57 |   45.45 | 13,106-154,180    
 BasicCareer.tsx    |       0 |        0 |       0 |       0 | 9-111             
 BasicQuestions.ts  |     100 |      100 |     100 |     100 |                   
 DetailedCareer.tsx |    4.54 |        0 |       0 |       5 | 6-94              
 index.tsx          |       0 |      100 |     100 |       0 | 7-19              
 reportWebVitals.ts |       0 |        0 |       0 |       0 | 3-10              
--------------------|---------|----------|---------|---------|-------------------
Test Suites: 1 failed, 1 total
Tests:       1 failed, 1 total
Snapshots:   0 total
Time:        2.963 s
Ran all test suites.
[0;33mOne of your dependencies, babel-preset-react-app, is importing the
"@babel/plugin-proposal-private-property-in-object" package without
declaring it in its dependencies. This is currently working because
"@babel/plugin-proposal-private-property-in-object" is already in your
node_modules folder for unrelated reasons, but it [1mmay break at any time[0;33m.

babel-preset-react-app is part of the create-react-app project, [1mwhich
is not maintianed anymore[0;33m. It is thus unlikely that this bug will
ever be fixed. Add "@babel/plugin-proposal-private-property-in-object" to
your devDependencies to work around this error. This will make this message
go away.[0m
  
